---
source: src/tests/store_parsing.rs
expression: acquire_errors
---
  × Failed to parse toml file
  ╰─▶ unknown field `unknown-field`, expected one of `description`,
      `description-url`, `implies`, `aggregated-from` for key `criteria.good`
      at line 9 column 1
   ╭─[audits.toml:8:1]
 8 │ 
 9 │ [audits]
   · ▲
   · ╰── here
   ╰────

