---
source: src/tests/unpublished.rs
expression: output
---
audits.toml: (unchanged)
config.toml: (unchanged)
imports.lock: (unchanged)

