---
source: src/tests/store_parsing.rs
expression: acquire_errors
---
  × Failed to parse toml file
  ╰─▶ unknown field `unknown-field`, expected one of `who`, `criteria`,
      `version`, `delta`, `violation`, `notes`, `aggregated-from` for key
      `audits.zzz` at line 4 column 1
   ╭─[audits.toml:3:1]
 3 │ 
 4 │ [[audits.zzz]]
   · ▲
   · ╰── here
 5 │ criteria = "safe-to-deploy"
   ╰────

