---
source: src/tests/crate_policies.rs
expression: "format!(\"{:?}\", miette :: Report :: new(e))"
---
  × There are some issues with your third-party policy entries

Error:   × some versioned policy entries don't correspond to crates being used
  │   non-existent
  help: Remove the `policy` entries

