---
source: src/tests/trusted.rs
expression: human
---
Vetting Succeeded (3 fully audited)

